======================================== 
Dependency Check Started 
Project Root: D:\College\Capstone_Project\testing_code 
ENV_NAME=yolo_cam 
======================================== 
 
[TEST 1] Checking conda... 
C:\Users\limul\anaconda3\condabin\conda.bat
C:\Users\limul\anaconda3\Scripts\conda.exe
[OK] conda found. 
 
[TEST 2] Checking conda environment: yolo_cam 
yolo_cam             * D:\conda\envs\yolo_cam
[OK] Conda environment exists: yolo_cam 
 
[TEST 3] Installing laptop dependencies... 
[INFO] Installing from requirements-laptop.txt 
Requirement already satisfied: opencv-python>=4.8 in d:\conda\envs\yolo_cam\lib\site-packages (from -r requirements-laptop.txt (line 1)) (4.13.0.92)
Requirement already satisfied: pyzmq>=25.0 in d:\conda\envs\yolo_cam\lib\site-packages (from -r requirements-laptop.txt (line 2)) (27.1.0)
Requirement already satisfied: ultralytics>=8.0 in d:\conda\envs\yolo_cam\lib\site-packages (from -r requirements-laptop.txt (line 3)) (8.4.55)
Requirement already satisfied: numpy>=1.23 in d:\conda\envs\yolo_cam\lib\site-packages (from -r requirements-laptop.txt (line 4)) (2.2.6)
Requirement already satisfied: matplotlib>=3.3.0 in d:\conda\envs\yolo_cam\lib\site-packages (from ultralytics>=8.0->-r requirements-laptop.txt (line 3)) (3.10.9)
Requirement already satisfied: pillow>=7.1.2 in d:\conda\envs\yolo_cam\lib\site-packages (from ultralytics>=8.0->-r requirements-laptop.txt (line 3)) (12.2.0)
Requirement already satisfied: pyyaml>=5.3.1 in d:\conda\envs\yolo_cam\lib\site-packages (from ultralytics>=8.0->-r requirements-laptop.txt (line 3)) (6.0.3)
Requirement already satisfied: requests>=2.23.0 in d:\conda\envs\yolo_cam\lib\site-packages (from ultralytics>=8.0->-r requirements-laptop.txt (line 3)) (2.34.2)
Requirement already satisfied: scipy>=1.4.1 in d:\conda\envs\yolo_cam\lib\site-packages (from ultralytics>=8.0->-r requirements-laptop.txt (line 3)) (1.15.3)
Requirement already satisfied: torch>=1.8.0 in d:\conda\envs\yolo_cam\lib\site-packages (from ultralytics>=8.0->-r requirements-laptop.txt (line 3)) (2.6.0+cu124)
Requirement already satisfied: torchvision>=0.9.0 in d:\conda\envs\yolo_cam\lib\site-packages (from ultralytics>=8.0->-r requirements-laptop.txt (line 3)) (0.21.0+cu124)
Requirement already satisfied: psutil>=5.8.0 in d:\conda\envs\yolo_cam\lib\site-packages (from ultralytics>=8.0->-r requirements-laptop.txt (line 3)) (7.2.2)
Requirement already satisfied: polars>=0.20.0 in d:\conda\envs\yolo_cam\lib\site-packages (from ultralytics>=8.0->-r requirements-laptop.txt (line 3)) (1.41.0)
Requirement already satisfied: ultralytics-thop>=2.0.18 in d:\conda\envs\yolo_cam\lib\site-packages (from ultralytics>=8.0->-r requirements-laptop.txt (line 3)) (2.0.19)
Requirement already satisfied: contourpy>=1.0.1 in d:\conda\envs\yolo_cam\lib\site-packages (from matplotlib>=3.3.0->ultralytics>=8.0->-r requirements-laptop.txt (line 3)) (1.3.2)
Requirement already satisfied: cycler>=0.10 in d:\conda\envs\yolo_cam\lib\site-packages (from matplotlib>=3.3.0->ultralytics>=8.0->-r requirements-laptop.txt (line 3)) (0.12.1)
Requirement already satisfied: fonttools>=4.22.0 in d:\conda\envs\yolo_cam\lib\site-packages (from matplotlib>=3.3.0->ultralytics>=8.0->-r requirements-laptop.txt (line 3)) (4.63.0)
Requirement already satisfied: kiwisolver>=1.3.1 in d:\conda\envs\yolo_cam\lib\site-packages (from matplotlib>=3.3.0->ultralytics>=8.0->-r requirements-laptop.txt (line 3)) (1.5.0)
Requirement already satisfied: packaging>=20.0 in d:\conda\envs\yolo_cam\lib\site-packages (from matplotlib>=3.3.0->ultralytics>=8.0->-r requirements-laptop.txt (line 3)) (26.2)
Requirement already satisfied: pyparsing>=3 in d:\conda\envs\yolo_cam\lib\site-packages (from matplotlib>=3.3.0->ultralytics>=8.0->-r requirements-laptop.txt (line 3)) (3.3.2)
Requirement already satisfied: python-dateutil>=2.7 in d:\conda\envs\yolo_cam\lib\site-packages (from matplotlib>=3.3.0->ultralytics>=8.0->-r requirements-laptop.txt (line 3)) (2.9.0.post0)
Requirement already satisfied: polars-runtime-32==1.41.0 in d:\conda\envs\yolo_cam\lib\site-packages (from polars>=0.20.0->ultralytics>=8.0->-r requirements-laptop.txt (line 3)) (1.41.0)
Requirement already satisfied: six>=1.5 in d:\conda\envs\yolo_cam\lib\site-packages (from python-dateutil>=2.7->matplotlib>=3.3.0->ultralytics>=8.0->-r requirements-laptop.txt (line 3)) (1.17.0)
Requirement already satisfied: charset_normalizer<4,>=2 in d:\conda\envs\yolo_cam\lib\site-packages (from requests>=2.23.0->ultralytics>=8.0->-r requirements-laptop.txt (line 3)) (3.4.7)
Requirement already satisfied: idna<4,>=2.5 in d:\conda\envs\yolo_cam\lib\site-packages (from requests>=2.23.0->ultralytics>=8.0->-r requirements-laptop.txt (line 3)) (3.16)
Requirement already satisfied: urllib3<3,>=1.26 in d:\conda\envs\yolo_cam\lib\site-packages (from requests>=2.23.0->ultralytics>=8.0->-r requirements-laptop.txt (line 3)) (2.7.0)
Requirement already satisfied: certifi>=2023.5.7 in d:\conda\envs\yolo_cam\lib\site-packages (from requests>=2.23.0->ultralytics>=8.0->-r requirements-laptop.txt (line 3)) (2026.5.20)
Requirement already satisfied: filelock in d:\conda\envs\yolo_cam\lib\site-packages (from torch>=1.8.0->ultralytics>=8.0->-r requirements-laptop.txt (line 3)) (3.29.0)
Requirement already satisfied: typing-extensions>=4.10.0 in d:\conda\envs\yolo_cam\lib\site-packages (from torch>=1.8.0->ultralytics>=8.0->-r requirements-laptop.txt (line 3)) (4.15.0)
Requirement already satisfied: networkx in d:\conda\envs\yolo_cam\lib\site-packages (from torch>=1.8.0->ultralytics>=8.0->-r requirements-laptop.txt (line 3)) (3.4.2)
Requirement already satisfied: jinja2 in d:\conda\envs\yolo_cam\lib\site-packages (from torch>=1.8.0->ultralytics>=8.0->-r requirements-laptop.txt (line 3)) (3.1.6)
Requirement already satisfied: fsspec in d:\conda\envs\yolo_cam\lib\site-packages (from torch>=1.8.0->ultralytics>=8.0->-r requirements-laptop.txt (line 3)) (2026.4.0)
Requirement already satisfied: sympy==1.13.1 in d:\conda\envs\yolo_cam\lib\site-packages (from torch>=1.8.0->ultralytics>=8.0->-r requirements-laptop.txt (line 3)) (1.13.1)
Requirement already satisfied: mpmath<1.4,>=1.1.0 in d:\conda\envs\yolo_cam\lib\site-packages (from sympy==1.13.1->torch>=1.8.0->ultralytics>=8.0->-r requirements-laptop.txt (line 3)) (1.3.0)
Requirement already satisfied: MarkupSafe>=2.0 in d:\conda\envs\yolo_cam\lib\site-packages (from jinja2->torch>=1.8.0->ultralytics>=8.0->-r requirements-laptop.txt (line 3)) (3.0.3)

 
[TEST 4] Verifying Python imports... 
laptop_python_packages_ok

[OK] Python imports are ready. 
 
[TEST 5] Checking project files... 
[OK] Required project files exist. 
 
======================================== 
Dependency Check Passed 
======================================== 
